Copyright 1986-2022 Xilinx, Inc. All Rights Reserved. Copyright 2022-2024 Advanced Micro Devices, Inc. All Rights Reserved.
---------------------------------------------------------------------------------------------------------------------------------------------
| Tool Version : Vivado v.2024.1.2 (win64) Build 5164865 Thu Sep  5 14:37:11 MDT 2024
| Date         : Sat Sep  5 12:17:47 2026
| Host         : KOR-TAC running 64-bit major release  (build 9200)
| Command      : report_timing_summary -file D:/amritha/PJT1/build/timing_synth.rpt
| Design       : seg_gate_ctrl_top
| Device       : 7a35t-cpg236
| Speed File   : -1  PRODUCTION 1.23 2018-06-13
| Design State : Synthesized
---------------------------------------------------------------------------------------------------------------------------------------------

Timing Summary Report

------------------------------------------------------------------------------------------------
| Timer Settings
| --------------
------------------------------------------------------------------------------------------------

  Enable Multi Corner Analysis               :  Yes
  Enable Pessimism Removal                   :  Yes
  Pessimism Removal Resolution               :  Nearest Common Node
  Enable Input Delay Default Clock           :  No
  Enable Preset / Clear Arcs                 :  No
  Disable Flight Delays                      :  No
  Ignore I/O Paths                           :  No
  Timing Early Launch at Borrowing Latches   :  No
  Borrow Time for Max Delay Exceptions       :  Yes
  Merge Timing Exceptions                    :  Yes
  Inter-SLR Compensation                     :  Conservative

  Corner  Analyze    Analyze    
  Name    Max Paths  Min Paths  
  ------  ---------  ---------  
  Slow    Yes        Yes        
  Fast    Yes        Yes        


------------------------------------------------------------------------------------------------
| Report Methodology
| ------------------
------------------------------------------------------------------------------------------------

No report available as report_methodology has not been run prior. Run report_methodology on the current design for the summary of methodology violations.



check_timing report

Table of Contents
-----------------
1. checking no_clock (0)
2. checking constant_clock (0)
3. checking pulse_width_clock (0)
4. checking unconstrained_internal_endpoints (0)
5. checking no_input_delay (3)
6. checking no_output_delay (1)
7. checking multiple_clock (0)
8. checking generated_clocks (0)
9. checking loops (0)
10. checking partial_input_delay (0)
11. checking partial_output_delay (0)
12. checking latch_loops (0)

1. checking no_clock (0)
------------------------
 There are 0 register/latch pins with no clock.


2. checking constant_clock (0)
------------------------------
 There are 0 register/latch pins with constant_clock.


3. checking pulse_width_clock (0)
---------------------------------
 There are 0 register/latch pins which need pulse_width check


4. checking unconstrained_internal_endpoints (0)
------------------------------------------------
 There are 0 pins that are not constrained for maximum delay.

 There are 0 pins that are not constrained for maximum delay due to constant clock.


5. checking no_input_delay (3)
------------------------------
 There are 0 input ports with no input delay specified.

 There are 3 input ports with no input delay but user has a false path constraint. (MEDIUM)


6. checking no_output_delay (1)
-------------------------------
 There is 1 port with no output delay specified. (HIGH)

 There are 0 ports with no output delay but user has a false path constraint

 There are 0 ports with no output delay but with a timing clock defined on it or propagating through it


7. checking multiple_clock (0)
------------------------------
 There are 0 register/latch pins with multiple clocks.


8. checking generated_clocks (0)
--------------------------------
 There are 0 generated clocks that are not connected to a clock source.


9. checking loops (0)
---------------------
 There are 0 combinational loops in the design.


10. checking partial_input_delay (0)
------------------------------------
 There are 0 input ports with partial input delay specified.


11. checking partial_output_delay (0)
-------------------------------------
 There are 0 ports with partial output delay specified.


12. checking latch_loops (0)
----------------------------
 There are 0 combinational latch loops in the design through latch input



------------------------------------------------------------------------------------------------
| Design Timing Summary
| ---------------------
------------------------------------------------------------------------------------------------

    WNS(ns)      TNS(ns)  TNS Failing Endpoints  TNS Total Endpoints      WHS(ns)      THS(ns)  THS Failing Endpoints  THS Total Endpoints     WPWS(ns)     TPWS(ns)  TPWS Failing Endpoints  TPWS Total Endpoints  
    -------      -------  ---------------------  -------------------      -------      -------  ---------------------  -------------------     --------     --------  ----------------------  --------------------  
     -4.755     -150.969                     34                   59        0.134        0.000                      0                   25        2.000        0.000                       0                    21  


Timing constraints are not met.


------------------------------------------------------------------------------------------------
| Clock Summary
| -------------
------------------------------------------------------------------------------------------------

Clock    Waveform(ns)         Period(ns)      Frequency(MHz)
-----    ------------         ----------      --------------
clk_200  {0.000 2.500}        5.000           200.000         


------------------------------------------------------------------------------------------------
| Intra Clock Table
| -----------------
------------------------------------------------------------------------------------------------

Clock             WNS(ns)      TNS(ns)  TNS Failing Endpoints  TNS Total Endpoints      WHS(ns)      THS(ns)  THS Failing Endpoints  THS Total Endpoints     WPWS(ns)     TPWS(ns)  TPWS Failing Endpoints  TPWS Total Endpoints  
-----             -------      -------  ---------------------  -------------------      -------      -------  ---------------------  -------------------     --------     --------  ----------------------  --------------------  
clk_200             1.996        0.000                      0                   25        0.134        0.000                      0                   25        2.000        0.000                       0                    21  


------------------------------------------------------------------------------------------------
| Inter Clock Table
| -----------------
------------------------------------------------------------------------------------------------

From Clock    To Clock          WNS(ns)      TNS(ns)  TNS Failing Endpoints  TNS Total Endpoints      WHS(ns)      THS(ns)  THS Failing Endpoints  THS Total Endpoints  
----------    --------          -------      -------  ---------------------  -------------------      -------      -------  ---------------------  -------------------  


------------------------------------------------------------------------------------------------
| Other Path Groups Table
| -----------------------
------------------------------------------------------------------------------------------------

Path Group    From Clock    To Clock          WNS(ns)      TNS(ns)  TNS Failing Endpoints  TNS Total Endpoints      WHS(ns)      THS(ns)  THS Failing Endpoints  THS Total Endpoints  
----------    ----------    --------          -------      -------  ---------------------  -------------------      -------      -------  ---------------------  -------------------  
**default**   clk_200                          -4.755     -150.969                     34                   34                                                                        


------------------------------------------------------------------------------------------------
| Timing Details
| --------------
------------------------------------------------------------------------------------------------


---------------------------------------------------------------------------------------------------
From Clock:  clk_200
  To Clock:  clk_200

Setup :            0  Failing Endpoints,  Worst Slack        1.996ns,  Total Violation        0.000ns
Hold  :            0  Failing Endpoints,  Worst Slack        0.134ns,  Total Violation        0.000ns
PW    :            0  Failing Endpoints,  Worst Slack        2.000ns,  Total Violation        0.000ns
---------------------------------------------------------------------------------------------------


Max Delay Paths
--------------------------------------------------------------------------------------
Slack (MET) :             1.996ns  (required time - arrival time)
  Source:                 u_ctrl/u_dt/cnt_reg[4]/C
                            (rising edge-triggered cell FDCE clocked by clk_200  {rise@0.000ns fall@2.500ns period=5.000ns})
  Destination:            u_ctrl/u_dt/cnt_reg[0]/CE
                            (rising edge-triggered cell FDCE clocked by clk_200  {rise@0.000ns fall@2.500ns period=5.000ns})
  Path Group:             clk_200
  Path Type:              Setup (Max at Slow Process Corner)
  Requirement:            5.000ns  (clk_200 rise@5.000ns - clk_200 rise@0.000ns)
  Data Path Delay:        2.622ns  (logic 0.875ns (33.371%)  route 1.747ns (66.629%))
  Logic Levels:           2  (LUT4=1 LUT6=1)
  Clock Path Skew:        -0.145ns (DCD - SCD + CPR)
    Destination Clock Delay (DCD):    2.657ns = ( 7.657 - 5.000 ) 
    Source Clock Delay      (SCD):    2.917ns
    Clock Pessimism Removal (CPR):    0.115ns
  Clock Uncertainty:      0.035ns  ((TSJ^2 + TIJ^2)^1/2 + DJ) / 2 + PE
    Total System Jitter     (TSJ):    0.071ns
    Total Input Jitter      (TIJ):    0.000ns
    Discrete Jitter          (DJ):    0.000ns
    Phase Error              (PE):    0.000ns

    Location             Delay type                Incr(ns)  Path(ns)    Netlist Resource(s)
  -------------------------------------------------------------------    -------------------
                         (clock clk_200 rise edge)    0.000     0.000 r  
                                                      0.000     0.000 r  clk_200 (IN)
                         net (fo=0)                   0.000     0.000    clk_200
                         IBUF (Prop_ibuf_I_O)         1.438     1.438 r  clk_200_IBUF_inst/O
                         net (fo=1, unplaced)         0.800     2.237    clk_200_IBUF
                         BUFG (Prop_bufg_I_O)         0.096     2.333 r  clk_200_IBUF_BUFG_inst/O
                         net (fo=20, unplaced)        0.584     2.917    u_ctrl/u_dt/CLK
                         FDCE                                         r  u_ctrl/u_dt/cnt_reg[4]/C
  -------------------------------------------------------------------    -------------------
                         FDCE (Prop_fdce_C_Q)         0.456     3.373 r  u_ctrl/u_dt/cnt_reg[4]/Q
                         net (fo=5, unplaced)         0.769     4.142    u_ctrl/u_dt/cnt_reg_n_0_[4]
                         LUT4 (Prop_lut4_I1_O)        0.295     4.437 r  u_ctrl/u_dt/cnt[7]_i_4/O
                         net (fo=3, unplaced)         0.467     4.904    u_ctrl/u_dt/cnt[7]_i_4_n_0
                         LUT6 (Prop_lut6_I3_O)        0.124     5.028 r  u_ctrl/u_dt/cnt[7]_i_1/O
                         net (fo=8, unplaced)         0.511     5.539    u_ctrl/u_dt/cnt[7]_i_1_n_0
                         FDCE                                         r  u_ctrl/u_dt/cnt_reg[0]/CE
  -------------------------------------------------------------------    -------------------

                         (clock clk_200 rise edge)    5.000     5.000 r  
                                                      0.000     5.000 r  clk_200 (IN)
                         net (fo=0)                   0.000     5.000    clk_200
                         IBUF (Prop_ibuf_I_O)         1.367     6.367 r  clk_200_IBUF_inst/O
                         net (fo=1, unplaced)         0.760     7.127    clk_200_IBUF
                         BUFG (Prop_bufg_I_O)         0.091     7.218 r  clk_200_IBUF_BUFG_inst/O
                         net (fo=20, unplaced)        0.439     7.657    u_ctrl/u_dt/CLK
                         FDCE                                         r  u_ctrl/u_dt/cnt_reg[0]/C
                         clock pessimism              0.115     7.772    
                         clock uncertainty           -0.035     7.737    
                         FDCE (Setup_fdce_C_CE)      -0.202     7.535    u_ctrl/u_dt/cnt_reg[0]
  -------------------------------------------------------------------
                         required time                          7.535    
                         arrival time                          -5.539    
  -------------------------------------------------------------------
                         slack                                  1.996    





Min Delay Paths
--------------------------------------------------------------------------------------
Slack (MET) :             0.134ns  (arrival time - required time)
  Source:                 cfg_done_reg/C
                            (rising edge-triggered cell FDCE clocked by clk_200  {rise@0.000ns fall@2.500ns period=5.000ns})
  Destination:            cfg_we_reg/D
                            (rising edge-triggered cell FDCE clocked by clk_200  {rise@0.000ns fall@2.500ns period=5.000ns})
  Path Group:             clk_200
  Path Type:              Hold (Min at Fast Process Corner)
  Requirement:            0.000ns  (clk_200 rise@0.000ns - clk_200 rise@0.000ns)
  Data Path Delay:        0.370ns  (logic 0.239ns (64.578%)  route 0.131ns (35.422%))
  Logic Levels:           1  (LUT1=1)
  Clock Path Skew:        0.145ns (DCD - SCD - CPR)
    Destination Clock Delay (DCD):    1.036ns
    Source Clock Delay      (SCD):    0.683ns
    Clock Pessimism Removal (CPR):    0.208ns

    Location             Delay type                Incr(ns)  Path(ns)    Netlist Resource(s)
  -------------------------------------------------------------------    -------------------
                         (clock clk_200 rise edge)    0.000     0.000 r  
                                                      0.000     0.000 r  clk_200 (IN)
                         net (fo=0)                   0.000     0.000    clk_200
                         IBUF (Prop_ibuf_I_O)         0.206     0.206 r  clk_200_IBUF_inst/O
                         net (fo=1, unplaced)         0.337     0.543    clk_200_IBUF
                         BUFG (Prop_bufg_I_O)         0.026     0.569 r  clk_200_IBUF_BUFG_inst/O
                         net (fo=20, unplaced)        0.114     0.683    clk_200_IBUF_BUFG
                         FDCE                                         r  cfg_done_reg/C
  -------------------------------------------------------------------    -------------------
                         FDCE (Prop_fdce_C_Q)         0.141     0.824 f  cfg_done_reg/Q
                         net (fo=1, unplaced)         0.131     0.955    cfg_done
                         LUT1 (Prop_lut1_I0_O)        0.098     1.053 r  cfg_we_i_1/O
                         net (fo=1, unplaced)         0.000     1.053    p_0_in
                         FDCE                                         r  cfg_we_reg/D
  -------------------------------------------------------------------    -------------------

                         (clock clk_200 rise edge)    0.000     0.000 r  
                                                      0.000     0.000 r  clk_200 (IN)
                         net (fo=0)                   0.000     0.000    clk_200
                         IBUF (Prop_ibuf_I_O)         0.393     0.393 r  clk_200_IBUF_inst/O
                         net (fo=1, unplaced)         0.355     0.748    clk_200_IBUF
                         BUFG (Prop_bufg_I_O)         0.029     0.777 r  clk_200_IBUF_BUFG_inst/O
                         net (fo=20, unplaced)        0.259     1.036    clk_200_IBUF_BUFG
                         FDCE                                         r  cfg_we_reg/C
                         clock pessimism             -0.208     0.828    
                         FDCE (Hold_fdce_C_D)         0.091     0.919    cfg_we_reg
  -------------------------------------------------------------------
                         required time                         -0.919    
                         arrival time                           1.053    
  -------------------------------------------------------------------
                         slack                                  0.134    





Pulse Width Checks
--------------------------------------------------------------------------------------
Clock Name:         clk_200
Waveform(ns):       { 0.000 2.500 }
Period(ns):         5.000
Sources:            { clk_200 }

Check Type        Corner  Lib Pin  Reference Pin  Required(ns)  Actual(ns)  Slack(ns)  Location  Pin
Min Period        n/a     BUFG/I   n/a            2.155         5.000       2.845                clk_200_IBUF_BUFG_inst/I
Low Pulse Width   Slow    FDCE/C   n/a            0.500         2.500       2.000                cfg_done_reg/C
High Pulse Width  Slow    FDCE/C   n/a            0.500         2.500       2.000                cfg_done_reg/C



---------------------------------------------------------------------------------------------------
Path Group:  **default**
From Clock:  clk_200
  To Clock:  

Setup :           34  Failing Endpoints,  Worst Slack       -4.755ns,  Total Violation     -150.969ns
Hold  :           NA  Failing Endpoints,  Worst Slack           NA  ,  Total Violation           NA
---------------------------------------------------------------------------------------------------


Max Delay Paths
--------------------------------------------------------------------------------------
Slack (VIOLATED) :        -4.755ns  (required time - arrival time)
  Source:                 u_ctrl/u_dt/FSM_sequential_state_reg[0]/C
                            (rising edge-triggered cell FDCE clocked by clk_200  {rise@0.000ns fall@2.500ns period=5.000ns})
  Destination:            hs_pd[0]
  Path Group:             **default**
  Path Type:              Max at Slow Process Corner
  Requirement:            4.000ns  (MaxDelay Path 4.000ns)
  Data Path Delay:        5.838ns  (logic 4.243ns (72.684%)  route 1.595ns (27.316%))
  Logic Levels:           2  (LUT3=1 OBUF=1)
  Output Delay:           0.000ns
  Clock Path Skew:        -2.917ns (DCD - SCD + CPR)
    Destination Clock Delay (DCD):    0.000ns
    Source Clock Delay      (SCD):    2.917ns
    Clock Pessimism Removal (CPR):    0.000ns
  Timing Exception:       MaxDelay Path 4.000ns

    Location             Delay type                Incr(ns)  Path(ns)    Netlist Resource(s)
  -------------------------------------------------------------------    -------------------
                         (clock clk_200 rise edge)    0.000     0.000 r  
                                                      0.000     0.000 r  clk_200 (IN)
                         net (fo=0)                   0.000     0.000    clk_200
                         IBUF (Prop_ibuf_I_O)         1.438     1.438 r  clk_200_IBUF_inst/O
                         net (fo=1, unplaced)         0.800     2.237    clk_200_IBUF
                         BUFG (Prop_bufg_I_O)         0.096     2.333 r  clk_200_IBUF_BUFG_inst/O
                         net (fo=20, unplaced)        0.584     2.917    u_ctrl/u_dt/CLK
                         FDCE                                         r  u_ctrl/u_dt/FSM_sequential_state_reg[0]/C
  -------------------------------------------------------------------    -------------------
                         FDCE (Prop_fdce_C_Q)         0.456     3.373 f  u_ctrl/u_dt/FSM_sequential_state_reg[0]/Q
                         net (fo=16, unplaced)        0.795     4.168    u_ctrl/u_dt/state__0[0]
                         LUT3 (Prop_lut3_I0_O)        0.295     4.463 r  u_ctrl/u_dt/hs_pd_OBUF[0]_inst_i_1/O
                         net (fo=1, unplaced)         0.800     5.263    hs_pd_OBUF[0]
                         OBUF (Prop_obuf_I_O)         3.492     8.755 r  hs_pd_OBUF[0]_inst/O
                         net (fo=0)                   0.000     8.755    hs_pd[0]
                                                                      r  hs_pd[0] (OUT)
  -------------------------------------------------------------------    -------------------

                         max delay                    4.000     4.000    
                         clock pessimism              0.000     4.000    
                         output delay                -0.000     4.000    
  -------------------------------------------------------------------
                         required time                          4.000    
                         arrival time                          -8.755    
  -------------------------------------------------------------------
                         slack                                 -4.755    





