[36m================================================================[39m
[36m STEP 5  The MATLAB analysis, re-run live in GNU Octave[39m
[36m================================================================[39m
script : results/gan_master.m   (the same file runs in MATLAB Online)
tool   : GNU Octave (aarch64-apple-darwin25.4.0) version 11.3.0
inputs : the stored sweep CSVs -- no simulation, pure re-analysis


=====================================================================
  GaN segmented gate driver -- full results regeneration
=====================================================================

1.  CROSSTALK  (slides 12, 15)
    Worst case over every word in each configuration. The deck quotes
    the FASTEST-drive word specifically (1.65 / 0.83 / -1.18 V); those
    come from scripts/gansim.py. Both are correct, different words.
    ---------------------------------------------------------------
    no clamp,  0 V off-bias    WORST-CASE margin  -4.519 V   spurious  +5.919 V
    clamp on,  0 V off-bias    WORST-CASE margin  +0.078 V   spurious  +1.322 V
    clamp on, -2 V off-bias    WORST-CASE margin  +1.773 V   spurious  -0.373 V
    feasible words at the nominal corner   504 of 720  (70 %)

2.  THE SEARCH  (slide 22)
    ---------------------------------------------------------------
    switching-energy spread across feasible words   165 %
    E_tot  min 3.685 uJ   max 9.772 uJ

3.  PARETO FRONT  (slide 16)
    ---------------------------------------------------------------
    Pareto-optimal words   7 of 504 feasible
FALLBACK (log once): Fallback to SW vertex for line stipple
FALLBACK (log once): Fallback to SW vertex processing, m_disable_code: 2000
FALLBACK (log once): Fallback to SW vertex processing in drawCore, m_disable_code: 2000
    -> fig_master_pareto.png

4.  CEILING ON SCHEDULING  (slide 17)
    ---------------------------------------------------------------
    corners 4, distinct words 720
    CEILING on scheduling at w_ov=0.05 :  5.2 %
    per-corner penalty of the best fixed word:
        100V_10A_25C        1.1 %
        200V_10A_125C       2.3 %
        200V_2A_125C       12.7 %
        50V_2A_25C          3.8 %

5.  DECOMPOSITION  (slides 11, 18, 23)
    ---------------------------------------------------------------
    (A) choose a better FIXED word      25.1 % of baseline
    (B) ADAPT it per operating point     3.9 % of baseline
    -> adaptation is 13.4 % of the total gain.
       the other 86.6 % needs no sensing, no ADC, no lookup table.

6.  WEIGHT SENSITIVITY  (slide 18)
    ---------------------------------------------------------------
    over w_ov 0..1   (A) 25.1-29.0 %   (B) 1.4-6.4 %
    over w_ov 0..5   (A) 22.5-29.0 %   (B) 1.4-12.7 %
    (A) exceeds (B) at EVERY weight tested -- the ordering is
    weight-independent even though the magnitude is not.
    -> fig_master_weight.png

7.  LOOP INDUCTANCE  (slides 19, 20)
    ---------------------------------------------------------------
      L (nH)    feasible    median E_tot
         1.0         600        7.294 uJ
         2.0         753        6.998 uJ
         2.5         888        7.426 uJ
         3.5         986        7.374 uJ
